// Jest Snapshot v1, https://goo.gl/fbAQLP

exports[`Event container should render self and subcomponents 1`] = `
<div>
  <div>
    This is the EventForm Container.
  </div>
  <EventForm
    onSubmit={[Function]}
  />
</div>
`;
