// Jest Snapshot v1, https://goo.gl/fbAQLP

exports[`Event page renders the event page. 1`] = `
<div>
  <h3>
    This is the event form page!
  </h3>
</div>
`;
