// Jest Snapshot v1, https://goo.gl/fbAQLP

exports[`ParticipantForm renders participant form component 1`] = `
<div>
  <h3>
    Event participation form
  </h3>
  <form
    onSubmit={[Function]}
  >
    <div>
      <label
        htmlFor="name"
      >
        name
        <input
          id="name"
          onChange={[Function]}
          type="text"
          value=""
        />
      </label>
    </div>
    <div>
      <input
        type="submit"
      />
    </div>
  </form>
</div>
`;
