// Jest Snapshot v1, https://goo.gl/fbAQLP

exports[`NewEvent renders the new event page. 1`] = `
<div>
  <h3>
    This is the event form page!
  </h3>
  <EventFormComponent
    onSubmit={[Function]}
  />
</div>
`;
